20:37:15 **** Incremental Build of configuration Debug for project 001_Task ****
make -j8 all 
arm-none-eabi-gcc "../Core/Src/main.c" -mcpu=cortex-m4 -std=gnu11 -g3 -DDEBUG -DUSE_HAL_DRIVER -DSTM32F429xx -c -I../Core/Inc -I"C:/GitRepo/RTOS_ST429/workspace/001_Task/ThirdParty/FreeRTOS" -I"C:/GitRepo/RTOS_ST429/workspace/001_Task/ThirdParty/FreeRTOS/include" -I"C:/GitRepo/RTOS_ST429/workspace/001_Task/ThirdParty/FreeRTOS/portable/GCC/ARM_CM4F" -I../Drivers/STM32F4xx_HAL_Driver/Inc -I../Drivers/STM32F4xx_HAL_Driver/Inc/Legacy -I../Drivers/CMSIS/Device/ST/STM32F4xx/Include -I../Drivers/CMSIS/Include -O0 -ffunction-sections -fdata-sections -Wall -fstack-usage -MMD -MP -MF"Core/Src/main.d" -MT"Core/Src/main.o" --specs=nano.specs -mfpu=fpv4-sp-d16 -mfloat-abi=hard -mthumb -o "Core/Src/main.o"
arm-none-eabi-gcc -o "001_Task.elf" @"objects.list"   -mcpu=cortex-m4 -T"C:\GitRepo\RTOS_ST429\workspace\001_Task\STM32F429ZITX_FLASH.ld" --specs=nosys.specs -Wl,-Map="001_Task.map" -Wl,--gc-sections -static --specs=nano.specs -mfpu=fpv4-sp-d16 -mfloat-abi=hard -mthumb -Wl,--start-group -lc -lm -Wl,--end-group
Finished building target: 001_Task.elf
 
arm-none-eabi-size   001_Task.elf 
arm-none-eabi-objdump -h -S  001_Task.elf  > "001_Task.list"
   text	   data	    bss	    dec	    hex	filename
   9704	     20	   1780	  11504	   2cf0	001_Task.elf
Finished building: default.size.stdout
 
Finished building: 001_Task.list
 

20:37:17 Build Finished. 0 errors, 0 warnings. (took 1s.577ms)

